2026-01-03 22:53:16 | INFO     | 🛡️ Vilicus Umbrae v1.0.0 starting...
2026-01-03 22:53:16 | INFO     | Running in EXECUTE mode (actions will be performed)
2026-01-03 23:05:47 | INFO     | 🛡️ Vilicus Umbrae v1.0.0 starting...
2026-01-03 23:05:47 | INFO     | Running in EXECUTE mode (actions will be performed)
2026-01-03 23:05:47 | INFO     | Starting system observations...
2026-01-03 23:05:47 | INFO     | Observations complete
2026-01-03 23:05:47 | INFO     | Found 0 critical, 0 warnings, 0 info alerts
2026-01-03 23:05:47 | INFO     | Planning cleanup actions...
2026-01-03 23:05:47 | INFO     | Planned 1 cleanup action(s)
2026-01-03 23:05:47 | INFO     | Cleanup: 1 executed, 0 failed, 0 skipped
2026-01-03 23:05:47 | INFO     | Generating markdown report...
2026-01-03 23:05:47 | INFO     | Report saved: ./reports/vilicus_report_20260103_230547.md
2026-01-03 23:05:47 | INFO     | ✅ Vilicus completed successfully in 0.36s
2026-01-03 23:07:02 | INFO     | 🛡️ Vilicus Umbrae v1.0.0 starting...
2026-01-03 23:08:39 | INFO     | 🛡️ Vilicus Umbrae v1.0.0 starting...
2026-01-03 23:08:39 | WARNING  | Config set to dry-run but --execute flag provided. Using dry-run mode.
2026-01-03 23:08:39 | INFO     | Starting system observations...
2026-01-03 23:08:39 | INFO     | Observations complete
2026-01-03 23:08:39 | INFO     | Found 0 critical, 0 warnings, 0 info alerts
2026-01-03 23:08:39 | INFO     | Planning cleanup actions...
2026-01-03 23:08:39 | INFO     | Planned 1 cleanup action(s)
2026-01-03 23:08:39 | INFO     | Cleanup: 1 executed, 0 failed, 0 skipped
2026-01-03 23:08:39 | INFO     | Generating markdown report...
2026-01-03 23:08:39 | INFO     | Report saved: ./reports/vilicus_report_20260103_230839.md
2026-01-03 23:08:39 | INFO     | ✅ Vilicus completed successfully in 0.10s
2026-01-03 23:09:49 | INFO     | 🛡️ Vilicus Umbrae v1.0.0 starting...
2026-01-03 23:09:49 | INFO     | Running in EXECUTE mode (actions will be performed)
2026-01-03 23:09:49 | INFO     | Report-only mode: using previous observations
2026-01-03 23:09:49 | INFO     | Generating markdown report...
2026-01-03 23:09:49 | INFO     | Report saved: ./reports/vilicus_report_20260103_230949.md
2026-01-03 23:09:49 | INFO     | ✅ Vilicus completed successfully in 0.00s
